<testsuites name="jest tests" tests="0" failures="0" time="5.95">
</testsuites>